###############################################################################
#                                                                             #
# IAR 8051 C/C++ Compiler V7.30B/W32                    05/May/2011  21:24:47 #
# Copyright 2004-2007 IAR Systems. All rights reserved.                       #
#                                                                             #
#    Core               =  plain                                              #
#    Code model         =  banked                                             #
#    Data model         =  large                                              #
#    Calling convention =  xdata reentrant                                    #
#    Constant location  =  data                                               #
#    Dptr setup         =  1,16                                               #
#    Source file        =  D:\Texas Instruments\ZStack-1.4.3-1.2.1\Projects\z #
#                          stack\Samples\GenericApp\Source\GenericApp.c       #
#    Command line       =  -f "D:\Texas Instruments\ZStack-1.4.3-1.2.1\Projec #
#                          ts\zstack\Samples\GenericApp\CC2430DB\..\..\..\Too #
#                          ls\CC2430DB\f8wEndev.cfg" (-DCPU32MHZ              #
#                          -DFORCE_MAC_NEAR -DROOT=__near_func                #
#                          -DMAC_OPT_FFD=0 -DBLINK_LEDS "-DCONST=const        #
#                          __code" -DGENERIC=__generic) -f "D:\Texas          #
#                          Instruments\ZStack-1.4.3-1.2.1\Projects\zstack\Sam #
#                          ples\GenericApp\CC2430DB\..\..\..\Tools\CC2430DB\f #
#                          8wConfig.cfg" (-DSECURE=0                          #
#                          -DDEFAULT_CHANLIST=0x00000800                      #
#                          -DZDAPP_CONFIG_PAN_ID=0xFFFF                       #
#                          -DNWK_START_DELAY=100 -DEXTENDED_JOINING_RANDOM_MA #
#                          SK=0x007F -DBEACON_REQUEST_DELAY=100               #
#                          -DBEACON_REQ_DELAY_MASK=0x00FF                     #
#                          -DROUTE_EXPIRY_TIME=30 -DAPSC_ACK_WAIT_DURATION_PO #
#                          LLED=3000 -DNWK_INDIRECT_MSG_TIMEOUT=7             #
#                          -DMAX_RREQ_ENTRIES=10 -DAPSC_MAX_FRAME_RETRIES=3   #
#                          -DNWK_MAX_DATA_RETRIES=2                           #
#                          -DMAX_POLL_FAILURE_RETRIES=2 -DMAX_BCAST=9         #
#                          -DAPS_MAX_GROUPS=16 -DMAX_RTG_ENTRIES=20           #
#                          -DNWK_MAX_BINDING_ENTRIES=10                       #
#                          -DMAX_BINDING_CLUSTER_IDS=5 "-DDEFAULT_KEY={0x01,  #
#                          0x03, 0x05, 0x07, 0x09, 0x0B, 0x0D, 0x0F, 0x00,    #
#                          0x02, 0x04, 0x06, 0x08, 0x0A, 0x0C, 0x0D}"         #
#                          -DRFD_RCVC_ALWAYS_ON=FALSE -DPOLL_RATE=1000        #
#                          -DQUEUED_POLL_RATE=100 -DRESPONSE_POLL_RATE=100)   #
#                          -DREJOIN_POLL_RATE=440 "D:\Texas                   #
#                          Instruments\ZStack-1.4.3-1.2.1\Projects\zstack\Sam #
#                          ples\GenericApp\Source\GenericApp.c" -D CC2430EB   #
#                          -D NWK_AUTO_POLL -D REFLECTOR -D ZTOOL_P1 -D       #
#                          MT_TASK -D MT_ZDO_FUNC -D LCD_SUPPORTED=DEBUG -D   #
#                          xPOWER_SAVING -lC "D:\Texas                        #
#                          Instruments\ZStack-1.4.3-1.2.1\Projects\zstack\Sam #
#                          ples\GenericApp\CC2430DB\EndDeviceEB\List\" -lA    #
#                          "D:\Texas Instruments\ZStack-1.4.3-1.2.1\Projects\ #
#                          zstack\Samples\GenericApp\CC2430DB\EndDeviceEB\Lis #
#                          t\" --diag_suppress Pe001,Pa010 --diag_remark      #
#                          pe550 -o "D:\Texas Instruments\ZStack-1.4.3-1.2.1\ #
#                          Projects\zstack\Samples\GenericApp\CC2430DB\EndDev #
#                          iceEB\Obj\" -e --require_prototypes -z9            #
#                          --no_code_motion --debug --core=plain --dptr=16,1  #
#                          --data_model=large --code_model=banked             #
#                          --calling_convention=xdata_reentrant               #
#                          --place_constants=data --nr_virtual_regs 8 -I      #
#                          "D:\Texas Instruments\ZStack-1.4.3-1.2.1\Projects\ #
#                          zstack\Samples\GenericApp\CC2430DB\" -I "D:\Texas  #
#                          Instruments\ZStack-1.4.3-1.2.1\Projects\zstack\Sam #
#                          ples\GenericApp\CC2430DB\..\SOURCE\" -I "D:\Texas  #
#                          Instruments\ZStack-1.4.3-1.2.1\Projects\zstack\Sam #
#                          ples\GenericApp\CC2430DB\..\..\..\ZMAIN\TI2430DB\" #
#                           -I "D:\Texas Instruments\ZStack-1.4.3-1.2.1\Proje #
#                          cts\zstack\Samples\GenericApp\CC2430DB\..\..\..\.. #
#                          \..\COMPONENTS\MT\" -I "D:\Texas                   #
#                          Instruments\ZStack-1.4.3-1.2.1\Projects\zstack\Sam #
#                          ples\GenericApp\CC2430DB\..\..\..\..\..\COMPONENTS #
#                          \HAL\INCLUDE\" -I "D:\Texas                        #
#                          Instruments\ZStack-1.4.3-1.2.1\Projects\zstack\Sam #
#                          ples\GenericApp\CC2430DB\..\..\..\..\..\COMPONENTS #
#                          \HAL\TARGET\CC2430EB\" -I "D:\Texas                #
#                          Instruments\ZStack-1.4.3-1.2.1\Projects\zstack\Sam #
#                          ples\GenericApp\CC2430DB\..\..\..\..\..\COMPONENTS #
#                          \OSAL\MCU\CCSOC\" -I "D:\Texas                     #
#                          Instruments\ZStack-1.4.3-1.2.1\Projects\zstack\Sam #
#                          ples\GenericApp\CC2430DB\..\..\..\..\..\COMPONENTS #
#                          \OSAL\INCLUDE\" -I "D:\Texas                       #
#                          Instruments\ZStack-1.4.3-1.2.1\Projects\zstack\Sam #
#                          ples\GenericApp\CC2430DB\..\..\..\..\..\COMPONENTS #
#                          \STACK\AF\" -I "D:\Texas                           #
#                          Instruments\ZStack-1.4.3-1.2.1\Projects\zstack\Sam #
#                          ples\GenericApp\CC2430DB\..\..\..\..\..\COMPONENTS #
#                          \STACK\NWK\" -I "D:\Texas                          #
#                          Instruments\ZStack-1.4.3-1.2.1\Projects\zstack\Sam #
#                          ples\GenericApp\CC2430DB\..\..\..\..\..\COMPONENTS #
#                          \STACK\SEC\" -I "D:\Texas                          #
#                          Instruments\ZStack-1.4.3-1.2.1\Projects\zstack\Sam #
#                          ples\GenericApp\CC2430DB\..\..\..\..\..\COMPONENTS #
#                          \STACK\SYS\" -I "D:\Texas                          #
#                          Instruments\ZStack-1.4.3-1.2.1\Projects\zstack\Sam #
#                          ples\GenericApp\CC2430DB\..\..\..\..\..\COMPONENTS #
#                          \STACK\ZDO\" -I "D:\Texas                          #
#                          Instruments\ZStack-1.4.3-1.2.1\Projects\zstack\Sam #
#                          ples\GenericApp\CC2430DB\..\..\..\..\..\COMPONENTS #
#                          \ZMAC\F8W\" -I "D:\Texas                           #
#                          Instruments\ZStack-1.4.3-1.2.1\Projects\zstack\Sam #
#                          ples\GenericApp\CC2430DB\..\..\..\..\..\COMPONENTS #
#                          \ZMAC\" -I "D:\Texas Instruments\ZStack-1.4.3-1.2. #
#                          1\Projects\zstack\Samples\GenericApp\CC2430DB\..\. #
#                          .\..\..\..\COMPONENTS\SERVICES\SADDR\" -I          #
#                          "D:\Texas Instruments\ZStack-1.4.3-1.2.1\Projects\ #
#                          zstack\Samples\GenericApp\CC2430DB\..\..\..\..\..\ #
#                          COMPONENTS\SERVICES\SDATA\" -I "D:\Texas           #
#                          Instruments\ZStack-1.4.3-1.2.1\Projects\zstack\Sam #
#                          ples\GenericApp\CC2430DB\..\..\..\..\..\COMPONENTS #
#                          \MAC\INCLUDE\" -I "D:\Texas                        #
#                          Instruments\ZStack-1.4.3-1.2.1\Projects\zstack\Sam #
#                          ples\GenericApp\CC2430DB\..\..\..\..\..\COMPONENTS #
#                          \MAC\HIGH_LEVEL\" -I "D:\Texas                     #
#                          Instruments\ZStack-1.4.3-1.2.1\Projects\zstack\Sam #
#                          ples\GenericApp\CC2430DB\..\..\..\..\..\COMPONENTS #
#                          \MAC\LOW_LEVEL\SRF03\" -I "D:\Texas                #
#                          Instruments\ZStack-1.4.3-1.2.1\Projects\zstack\Sam #
#                          ples\GenericApp\CC2430DB\..\..\..\..\..\COMPONENTS #
#                          \MAC\LOW_LEVEL\SRF03\SINGLE_CHIP\" -I "D:\Program  #
#                          Files\IAR Systems\Embedded Workbench 4.0           #
#                          Evaluation version\8051\INC\" -I "D:\Program       #
#                          Files\IAR Systems\Embedded Workbench 4.0           #
#                          Evaluation version\8051\INC\CLIB\"                 #
#    List file          =  D:\Texas Instruments\ZStack-1.4.3-1.2.1\Projects\z #
#                          stack\Samples\GenericApp\CC2430DB\EndDeviceEB\List #
#                          \GenericApp.lst                                    #
#    Object file        =  D:\Texas Instruments\ZStack-1.4.3-1.2.1\Projects\z #
#                          stack\Samples\GenericApp\CC2430DB\EndDeviceEB\Obj\ #
#                          GenericApp.r51                                     #
#                                                                             #
#                                                                             #
###############################################################################

D:\Texas Instruments\ZStack-1.4.3-1.2.1\Projects\zstack\Samples\GenericApp\Source\GenericApp.c
      1          /**************************************************************************************************
      2            Filename:       GenericApp.c
      3            Revised:        $Date: 2007-10-27 17:16:54 -0700 (Sat, 27 Oct 2007) $
      4            Revision:       $Revision: 15793 $
      5          
      6            Description:    Generic Application (no Profile).
      7          
      8          
      9            Copyright 2004-2007 Texas Instruments Incorporated. All rights reserved.
     10          
     11            IMPORTANT: Your use of this Software is limited to those specific rights
     12            granted under the terms of a software license agreement between the user
     13            who downloaded the software, his/her employer (which must be your employer)
     14            and Texas Instruments Incorporated (the "License").  You may not use this
     15            Software unless you agree to abide by the terms of the License. The License
     16            limits your use, and you acknowledge, that the Software may not be modified,
     17            copied or distributed unless embedded on a Texas Instruments microcontroller
     18            or used solely and exclusively in conjunction with a Texas Instruments radio
     19            frequency transceiver, which is integrated into your product.  Other than for
     20            the foregoing purpose, you may not use, reproduce, copy, prepare derivative
     21            works of, modify, distribute, perform, display or sell this Software and/or
     22            its documentation for any purpose.
     23          
     24            YOU FURTHER ACKNOWLEDGE AND AGREE THAT THE SOFTWARE AND DOCUMENTATION ARE
     25            PROVIDED “AS IS?WITHOUT WARRANTY OF ANY KIND, EITHER EXPRESS OR IMPLIED, 
     26            INCLUDING WITHOUT LIMITATION, ANY WARRANTY OF MERCHANTABILITY, TITLE, 
     27            NON-INFRINGEMENT AND FITNESS FOR A PARTICULAR PURPOSE. IN NO EVENT SHALL
     28            TEXAS INSTRUMENTS OR ITS LICENSORS BE LIABLE OR OBLIGATED UNDER CONTRACT,
     29            NEGLIGENCE, STRICT LIABILITY, CONTRIBUTION, BREACH OF WARRANTY, OR OTHER
     30            LEGAL EQUITABLE THEORY ANY DIRECT OR INDIRECT DAMAGES OR EXPENSES
     31            INCLUDING BUT NOT LIMITED TO ANY INCIDENTAL, SPECIAL, INDIRECT, PUNITIVE
     32            OR CONSEQUENTIAL DAMAGES, LOST PROFITS OR LOST DATA, COST OF PROCUREMENT
     33            OF SUBSTITUTE GOODS, TECHNOLOGY, SERVICES, OR ANY CLAIMS BY THIRD PARTIES
     34            (INCLUDING BUT NOT LIMITED TO ANY DEFENSE THEREOF), OR OTHER SIMILAR COSTS.
     35          
     36            Should you have any questions regarding your right to use this Software,
     37            contact Texas Instruments Incorporated at www.TI.com. 
     38          **************************************************************************************************/
     39          
     40          /*********************************************************************
     41            This application isn't intended to do anything useful, it is
     42            intended to be a simple example of an application's structure.
     43          
     44            This application sends "Hello World" to another "Generic"
     45            application every 15 seconds.  The application will also
     46            receive "Hello World" packets.
     47          
     48            The "Hello World" messages are sent/received as MSG type message.
     49          
     50            This applications doesn't have a profile, so it handles everything
     51            directly - itself.
     52          
     53            Key control:
     54              SW1:
     55              SW2:  initiates end device binding
     56              SW3:
     57              SW4:  initiates a match description request
     58          *********************************************************************/
     59          
     60          /*********************************************************************
     61           * INCLUDES
     62           */
     63          #include "OSAL.h"
     64          #include "AF.h"
     65          #include "ZDApp.h"
     66          #include "ZDObject.h"
     67          #include "ZDProfile.h"
     68          
     69          #include "GenericApp.h"
     70          #include "DebugTrace.h"
     71          
     72          #if !defined( WIN32 )
     73            #include "OnBoard.h"
     74          #endif
     75          
     76          /* HAL */
     77          #include "hal_lcd.h"
     78          #include "hal_led.h"
     79          #include "hal_key.h"
     80          #include "hal_uart.h"
     81          
     82          /*********************************************************************
     83           * MACROS
     84           */
     85          
     86          /*********************************************************************
     87           * CONSTANTS
     88           */
     89          
     90          /*********************************************************************
     91           * TYPEDEFS
     92           */
     93          
     94          /*********************************************************************
     95           * GLOBAL VARIABLES
     96           */
     97          
     98          // This list should be filled with Application specific Cluster IDs.

   \                                 In  segment XDATA_I, align 1, keep-with-next
     99          const cId_t GenericApp_ClusterList[GENERICAPP_MAX_CLUSTERS] =
   \                     GenericApp_ClusterList:
   \   000000                DS 2
   \   000002                REQUIRE `?<Initializer for GenericApp_ClusterList>`
   \   000002                REQUIRE __INIT_XDATA_I
    100          {
    101            GENERICAPP_CLUSTERID
    102          };
    103          

   \                                 In  segment XDATA_I, align 1, keep-with-next
    104          const SimpleDescriptionFormat_t GenericApp_SimpleDesc =
   \                     GenericApp_SimpleDesc:
   \   000000                DS 12
   \   00000C                REQUIRE `?<Initializer for GenericApp_SimpleDesc>`
   \   00000C                REQUIRE __INIT_XDATA_I
    105          {
    106            GENERICAPP_ENDPOINT,              //  int Endpoint;
    107            GENERICAPP_PROFID,                //  uint16 AppProfId[2];
    108            GENERICAPP_DEVICEID,              //  uint16 AppDeviceId[2];
    109            GENERICAPP_DEVICE_VERSION,        //  int   AppDevVer:4;
    110            GENERICAPP_FLAGS,                 //  int   AppFlags:4;
    111            GENERICAPP_MAX_CLUSTERS,          //  byte  AppNumInClusters;
    112            (cId_t *)GenericApp_ClusterList,  //  byte *pAppInClusterList;
    113            GENERICAPP_MAX_CLUSTERS,          //  byte  AppNumInClusters;
    114            (cId_t *)GenericApp_ClusterList   //  byte *pAppInClusterList;
    115          };
    116          
    117          // This is the Endpoint/Interface description.  It is defined here, but
    118          // filled-in in GenericApp_Init().  Another way to go would be to fill
    119          // in the structure here and make it a "const" (in code space).  The
    120          // way it's defined in this sample app it is define in RAM.

   \                                 In  segment XDATA_Z, align 1, keep-with-next
    121          endPointDesc_t GenericApp_epDesc;
   \                     GenericApp_epDesc:
   \   000000                DS 6
   \   000006                REQUIRE __INIT_XDATA_Z
    122          
    123          /*********************************************************************
    124           * EXTERNAL VARIABLES
    125           */
    126          
    127          /*********************************************************************
    128           * EXTERNAL FUNCTIONS
    129           */
    130          
    131          /*********************************************************************
    132           * LOCAL VARIABLES
    133           */

   \                                 In  segment XDATA_Z, align 1, keep-with-next
    134          byte GenericApp_TaskID;   // Task ID for internal task/event processing
   \                     GenericApp_TaskID:
   \   000000                DS 1
   \   000001                REQUIRE __INIT_XDATA_Z
    135                                    // This variable will be received when
    136                                    // GenericApp_Init() is called.

   \                                 In  segment XDATA_Z, align 1, keep-with-next
    137          devStates_t GenericApp_NwkState;
   \                     GenericApp_NwkState:
   \   000000                DS 1
   \   000001                REQUIRE __INIT_XDATA_Z
    138          
    139          

   \                                 In  segment XDATA_Z, align 1, keep-with-next
    140          byte GenericApp_TransID;  // This is the unique message ID (counter)
   \                     GenericApp_TransID:
   \   000000                DS 1
   \   000001                REQUIRE __INIT_XDATA_Z
    141          

   \                                 In  segment XDATA_Z, align 1, keep-with-next
    142          afAddrType_t GenericApp_DstAddr;
   \                     GenericApp_DstAddr:
   \   000000                DS 4
   \   000004                REQUIRE __INIT_XDATA_Z
    143          
    144          /*********************************************************************
    145           * LOCAL FUNCTIONS
    146           */
    147          void GenericApp_ProcessZDOMsgs( zdoIncomingMsg_t *inMsg );
    148          void GenericApp_HandleKeys( byte shift, byte keys );
    149          void GenericApp_MessageMSGCB( afIncomingMSGPacket_t *pckt );
    150          void GenericApp_SendTheMessage( void );
    151          
    152          /*********************************************************************
    153           * NETWORK LAYER CALLBACKS
    154           */
    155          
    156          /*********************************************************************
    157           * PUBLIC FUNCTIONS
    158           */
    159          
    160          /*********************************************************************
    161           * @fn      GenericApp_Init
    162           *
    163           * @brief   Initialization function for the Generic App Task.
    164           *          This is called during initialization and should contain
    165           *          any application specific initialization (ie. hardware
    166           *          initialization/setup, table initialization, power up
    167           *          notificaiton ... ).
    168           *
    169           * @param   task_id - the ID assigned by OSAL.  This ID should be
    170           *                    used to send messages and set timers.
    171           *
    172           * @return  none
    173           */

   \                                 In  segment BANKED_CODE, align 1, keep-with-next
    174          void GenericApp_Init( byte task_id )
   \                     GenericApp_Init:
    175          {
   \   000000   C082         PUSH    DPL
   \   000002   C083         PUSH    DPH
   \   000004                ; Saved register size: 2
   \   000004                ; Auto size: 0
    176            GenericApp_TaskID = task_id;
   \   000004   E9           MOV     A,R1
   \   000005   90....       MOV     DPTR,#GenericApp_TaskID
   \   000008   F0           MOVX    @DPTR,A
    177            GenericApp_NwkState = DEV_INIT;
   \   000009   7401         MOV     A,#0x1
   \   00000B   90....       MOV     DPTR,#GenericApp_NwkState
   \   00000E   F0           MOVX    @DPTR,A
    178            GenericApp_TransID = 0;
   \   00000F   E4           CLR     A
   \   000010   90....       MOV     DPTR,#GenericApp_TransID
   \   000013   F0           MOVX    @DPTR,A
    179          
    180            // Device hardware initialization can be added here or in main() (Zmain.c).
    181            // If the hardware is application specific - add it here.
    182            // If the hardware is other parts of the device add it in main().
    183          
    184            GenericApp_DstAddr.addrMode = (afAddrMode_t)AddrNotPresent;
   \   000014   90....       MOV     DPTR,#(GenericApp_DstAddr + 2)
   \   000017   F0           MOVX    @DPTR,A
    185            GenericApp_DstAddr.endPoint = 0;
   \   000018   90....       MOV     DPTR,#(GenericApp_DstAddr + 3)
   \   00001B   F0           MOVX    @DPTR,A
    186            GenericApp_DstAddr.addr.shortAddr = 0;
   \   00001C   90....       MOV     DPTR,#GenericApp_DstAddr
   \   00001F   F0           MOVX    @DPTR,A
   \   000020   A3           INC     DPTR
   \   000021   F0           MOVX    @DPTR,A
    187          
    188            // Fill out the endpoint description.
    189            GenericApp_epDesc.endPoint = GENERICAPP_ENDPOINT;
   \   000022   740A         MOV     A,#0xa
   \   000024   90....       MOV     DPTR,#GenericApp_epDesc
   \   000027   F0           MOVX    @DPTR,A
    190            GenericApp_epDesc.task_id = &GenericApp_TaskID;
   \   000028   90....       MOV     DPTR,#(GenericApp_epDesc + 1)
   \   00002B   74..         MOV     A,#(GenericApp_TaskID & 0xff)
   \   00002D   F0           MOVX    @DPTR,A
   \   00002E   A3           INC     DPTR
   \   00002F   74..         MOV     A,#((GenericApp_TaskID >> 8) & 0xff)
   \   000031   F0           MOVX    @DPTR,A
    191            GenericApp_epDesc.simpleDesc
    192                      = (SimpleDescriptionFormat_t *)&GenericApp_SimpleDesc;
   \   000032   90....       MOV     DPTR,#(GenericApp_epDesc + 3)
   \   000035   74..         MOV     A,#(GenericApp_SimpleDesc & 0xff)
   \   000037   F0           MOVX    @DPTR,A
   \   000038   A3           INC     DPTR
   \   000039   74..         MOV     A,#((GenericApp_SimpleDesc >> 8) & 0xff)
   \   00003B   F0           MOVX    @DPTR,A
    193            GenericApp_epDesc.latencyReq = noLatencyReqs;
   \   00003C   E4           CLR     A
   \   00003D   90....       MOV     DPTR,#(GenericApp_epDesc + 5)
   \   000040   F0           MOVX    @DPTR,A
    194          
    195            // Register the endpoint description with the AF
    196            afRegister( &GenericApp_epDesc );
   \   000041                ; Setup parameters for call to function afRegister
   \   000041   7A..         MOV     R2,#(GenericApp_epDesc & 0xff)
   \   000043   7B..         MOV     R3,#((GenericApp_epDesc >> 8) & 0xff)
   \   000045   12....       LCALL   ??afRegister?relay
    197          
    198            // Register for all key events - This app will handle all key events
    199            RegisterForKeys( GenericApp_TaskID );
   \   000048                ; Setup parameters for call to function RegisterForKeys
   \   000048   90....       MOV     DPTR,#GenericApp_TaskID
   \   00004B   E0           MOVX    A,@DPTR
   \   00004C   F9           MOV     R1,A
   \   00004D   12....       LCALL   ??RegisterForKeys?relay
    200          
    201            // Update the display
    202          #if defined ( LCD_SUPPORTED )
    203              HalLcdWriteString( "GenericApp", HAL_LCD_LINE_1 );
   \   000050                ; Setup parameters for call to function HalLcdWriteString
   \   000050   7900         MOV     R1,#0x0
   \   000052   7A..         MOV     R2,#(`?<Constant "GenericApp">` & 0xff)
   \   000054   7B..         MOV     R3,#((`?<Constant "GenericApp">` >> 8) & 0xff)
   \   000056   12....       LCALL   ??HalLcdWriteString?relay
    204          #endif
    205             HalUARTWrite(0,"it just a test\n",15);
   \   000059                ; Setup parameters for call to function HalUARTWrite
   \   000059   7C0F         MOV     R4,#0xf
   \   00005B   7D00         MOV     R5,#0x0
   \   00005D   7A..         MOV     R2,#(`?<Constant "it just a test\\n">` & 0xff)
   \   00005F   7B..         MOV     R3,#((`?<Constant "it just a test\\n">` >> 8) & 0xff)
   \   000061   7900         MOV     R1,#0x0
   \   000063   12....       LCALL   ??HalUARTWrite?relay
    206            ZDO_RegisterForZDOMsg( GenericApp_TaskID, End_Device_Bind_rsp );
   \   000066                ; Setup parameters for call to function ZDO_RegisterForZDOMsg
   \   000066   7A20         MOV     R2,#0x20
   \   000068   7B80         MOV     R3,#-0x80
   \   00006A   90....       MOV     DPTR,#GenericApp_TaskID
   \   00006D   E0           MOVX    A,@DPTR
   \   00006E   F9           MOV     R1,A
   \   00006F   12....       LCALL   ??ZDO_RegisterForZDOMsg?relay
    207            ZDO_RegisterForZDOMsg( GenericApp_TaskID, Match_Desc_rsp );
   \   000072                ; Setup parameters for call to function ZDO_RegisterForZDOMsg
   \   000072   7A06         MOV     R2,#0x6
   \   000074   7B80         MOV     R3,#-0x80
   \   000076   90....       MOV     DPTR,#GenericApp_TaskID
   \   000079   E0           MOVX    A,@DPTR
   \   00007A   F9           MOV     R1,A
   \   00007B   12....       LCALL   ??ZDO_RegisterForZDOMsg?relay
    208          }
   \   00007E   D083         POP     DPH
   \   000080   D082         POP     DPL
   \   000082   02....       LJMP    ?BRET
    209          
    210          /*********************************************************************
    211           * @fn      GenericApp_ProcessEvent
    212           *
    213           * @brief   Generic Application Task event processor.  This function
    214           *          is called to process all events for the task.  Events
    215           *          include timers, messages and any other user defined events.
    216           *
    217           * @param   task_id  - The OSAL assigned task ID.
    218           * @param   events - events to process.  This is a bit map and can
    219           *                   contain more than one event.
    220           *
    221           * @return  none
    222           */

   \                                 In  segment BANKED_CODE, align 1, keep-with-next
    223          UINT16 GenericApp_ProcessEvent( byte task_id, UINT16 events )
   \                     GenericApp_ProcessEvent:
    224          {
   \   000000   74F4         MOV     A,#-0xc
   \   000002   12....       LCALL   ?BANKED_ENTER_XDATA
   \   000005                ; Saved register size: 12
   \   000005                ; Auto size: 0
   \   000005   EA           MOV     A,R2
   \   000006   FE           MOV     R6,A
   \   000007   EB           MOV     A,R3
   \   000008   FF           MOV     R7,A
    225            afIncomingMSGPacket_t *MSGpkt;
    226            afDataConfirm_t *afDataConfirm;
    227          
    228            // Data Confirmation message fields
    229            byte sentEP;
    230            ZStatus_t sentStatus;
    231            byte sentTransID;       // This should match the value sent
    232          
    233            if ( events & SYS_EVENT_MSG )
   \   000009   7480         MOV     A,#-0x80
   \   00000B   5F           ANL     A,R7
   \   00000C   F9           MOV     R1,A
   \   00000D   E4           CLR     A
   \   00000E   7001         JNZ     ??GenericApp_ProcessEvent_0
   \   000010   E9           MOV     A,R1
   \                     ??GenericApp_ProcessEvent_0:
   \   000011   7003         JNZ     $+5
   \   000013   02....       LJMP    ??GenericApp_ProcessEvent_1 & 0xFFFF
    234            {
    235              MSGpkt = (afIncomingMSGPacket_t *)osal_msg_receive( GenericApp_TaskID );
   \   000016                ; Setup parameters for call to function osal_msg_receive
   \   000016   8031         SJMP    ??GenericApp_ProcessEvent_2
    236              while ( MSGpkt )
    237              {
    238                switch ( MSGpkt->hdr.event )
    239                {
    240                  case ZDO_CB_MSG:
    241                    GenericApp_ProcessZDOMsgs( (zdoIncomingMsg_t *)MSGpkt );
    242                    break;
    243          
    244                  case KEY_CHANGE:
    245                    GenericApp_HandleKeys( ((keyChange_t *)MSGpkt)->state, ((keyChange_t *)MSGpkt)->keys );
    246                    break;
    247          
    248                  case AF_DATA_CONFIRM_CMD:
    249                    // This message is received as a confirmation of a data packet sent.
    250                    // The status is of ZStatus_t type [defined in ZComDef.h]
    251                    // The message fields are defined in AF.h
    252                    afDataConfirm = (afDataConfirm_t *)MSGpkt;
    253                    sentEP = afDataConfirm->endpoint;
    254                    sentStatus = afDataConfirm->hdr.status;
    255                    sentTransID = afDataConfirm->transID;
    256                    (void)sentEP;
    257                    (void)sentTransID;
    258          
    259                    // Action taken when confirmation is received.
    260                    if ( sentStatus != ZSuccess )
    261                    {
    262                      // The data wasn't delivered -- Do something
    263                    }
    264                    break;
    265          
    266                  case AF_INCOMING_MSG_CMD:
    267                    GenericApp_MessageMSGCB( MSGpkt );
    268                    break;
    269          
    270                  case ZDO_STATE_CHANGE:
    271                    GenericApp_NwkState = (devStates_t)(MSGpkt->hdr.status);
   \                     ??GenericApp_ProcessEvent_3:
   \   000018   85..82       MOV     DPL,?V0 + 0
   \   00001B   85..83       MOV     DPH,?V0 + 1
   \   00001E   A3           INC     DPTR
   \   00001F   E0           MOVX    A,@DPTR
   \   000020   90....       MOV     DPTR,#GenericApp_NwkState
   \   000023   F0           MOVX    @DPTR,A
    272                    if ( (GenericApp_NwkState == DEV_ZB_COORD)
    273                        || (GenericApp_NwkState == DEV_ROUTER)
    274                        || (GenericApp_NwkState == DEV_END_DEVICE) )
   \   000024   6409         XRL     A,#0x9
   \   000026   600A         JZ      ??GenericApp_ProcessEvent_4
   \   000028   E0           MOVX    A,@DPTR
   \   000029   6407         XRL     A,#0x7
   \   00002B   6005         JZ      ??GenericApp_ProcessEvent_4
   \   00002D   E0           MOVX    A,@DPTR
   \   00002E   6406         XRL     A,#0x6
   \   000030   7010         JNZ     ??GenericApp_ProcessEvent_5
    275                    {
    276                      // Start sending "the" message in a regular interval.
    277                      osal_start_timerEx( GenericApp_TaskID,
    278                                          GENERICAPP_SEND_MSG_EVT,
    279                                          GENERICAPP_SEND_MSG_TIMEOUT );
   \                     ??GenericApp_ProcessEvent_4:
   \   000032                ; Setup parameters for call to function osal_start_timerEx
   \   000032   7C88         MOV     R4,#-0x78
   \   000034   7D13         MOV     R5,#0x13
   \   000036   7A01         MOV     R2,#0x1
   \   000038   7B00         MOV     R3,#0x0
   \   00003A   90....       MOV     DPTR,#GenericApp_TaskID
   \   00003D   E0           MOVX    A,@DPTR
   \   00003E   F9           MOV     R1,A
   \   00003F   12....       LCALL   ??osal_start_timerEx?relay
    280                    }
    281                    break;
    282          
    283                  default:
    284                    break;
    285                }
    286          
    287                // Release the memory
    288                osal_msg_deallocate( (uint8 *)MSGpkt );
   \                     ??GenericApp_ProcessEvent_5:
   \   000042                ; Setup parameters for call to function osal_msg_deallocate
   \   000042   AA..         MOV     R2,?V0 + 0
   \   000044   AB..         MOV     R3,?V0 + 1
   \   000046   12....       LCALL   ??osal_msg_deallocate?relay
    289          
    290                // Next
    291                MSGpkt = (afIncomingMSGPacket_t *)osal_msg_receive( GenericApp_TaskID );
   \   000049                ; Setup parameters for call to function osal_msg_receive
   \                     ??GenericApp_ProcessEvent_2:
   \   000049   90....       MOV     DPTR,#GenericApp_TaskID
   \   00004C   E0           MOVX    A,@DPTR
   \   00004D   F9           MOV     R1,A
   \   00004E   12....       LCALL   ??osal_msg_receive?relay
   \   000051   8A..         MOV     ?V0 + 0,R2
   \   000053   8B..         MOV     ?V0 + 1,R3
   \   000055   E5..         MOV     A,?V0 + 0
   \   000057   7002         JNZ     ??GenericApp_ProcessEvent_6
   \   000059   E5..         MOV     A,?V0 + 1
   \                     ??GenericApp_ProcessEvent_6:
   \   00005B   6046         JZ      ??GenericApp_ProcessEvent_7
   \   00005D   85..82       MOV     DPL,?V0 + 0
   \   000060   85..83       MOV     DPH,?V0 + 1
   \   000063   E0           MOVX    A,@DPTR
   \   000064   12....       LCALL   ?UC_SWITCH_SPARSE
   \                     `?<Jumptable for GenericApp_ProcessEvent>_0`:
   \   000067   00           DB        0
   \   000068   04           DB        4
   \   000069   1A           DB        26
   \   00006A   ....         DW        ??GenericApp_ProcessEvent_8
   \   00006C   C0           DB        192
   \   00006D   ....         DW        ??GenericApp_ProcessEvent_9
   \   00006F   D1           DB        209
   \   000070   ....         DW        ??GenericApp_ProcessEvent_3
   \   000072   D3           DB        211
   \   000073   ....         DW        ??GenericApp_ProcessEvent_10
   \   000075   ....         DW        ??GenericApp_ProcessEvent_5
   \                     ??GenericApp_ProcessEvent_10:
   \   000077                ; Setup parameters for call to function GenericApp_ProcessZDOMsgs
   \   000077   AA..         MOV     R2,?V0 + 0
   \   000079   AB..         MOV     R3,?V0 + 1
   \   00007B   12....       LCALL   ??GenericApp_ProcessZDOMsgs?relay
   \   00007E   80C2         SJMP    ??GenericApp_ProcessEvent_5
   \                     ??GenericApp_ProcessEvent_9:
   \   000080                ; Setup parameters for call to function GenericApp_HandleKeys
   \   000080   85..82       MOV     DPL,?V0 + 0
   \   000083   85..83       MOV     DPH,?V0 + 1
   \   000086   A3           INC     DPTR
   \   000087   A3           INC     DPTR
   \   000088   A3           INC     DPTR
   \   000089   E0           MOVX    A,@DPTR
   \   00008A   FA           MOV     R2,A
   \   00008B   85..82       MOV     DPL,?V0 + 0
   \   00008E   85..83       MOV     DPH,?V0 + 1
   \   000091   A3           INC     DPTR
   \   000092   A3           INC     DPTR
   \   000093   E0           MOVX    A,@DPTR
   \   000094   F9           MOV     R1,A
   \   000095   12....       LCALL   ??GenericApp_HandleKeys?relay
   \   000098   80A8         SJMP    ??GenericApp_ProcessEvent_5
   \                     ??GenericApp_ProcessEvent_8:
   \   00009A                ; Setup parameters for call to function GenericApp_MessageMSGCB
   \   00009A   AA..         MOV     R2,?V0 + 0
   \   00009C   AB..         MOV     R3,?V0 + 1
   \   00009E   12....       LCALL   ??GenericApp_MessageMSGCB?relay
   \   0000A1   809F         SJMP    ??GenericApp_ProcessEvent_5
    292              }
    293          
    294              // return unprocessed events
    295              return (events ^ SYS_EVENT_MSG);
   \                     ??GenericApp_ProcessEvent_7:
   \   0000A3   EE           MOV     A,R6
   \   0000A4   FA           MOV     R2,A
   \   0000A5   7480         MOV     A,#-0x80
   \   0000A7   6F           XRL     A,R7
   \                     ??GenericApp_ProcessEvent_11:
   \   0000A8   FB           MOV     R3,A
   \   0000A9   8023         SJMP    ??GenericApp_ProcessEvent_12
    296            }
    297          
    298            // Send a message out - This event is generated by a timer
    299            //  (setup in GenericApp_Init()).
    300            if ( events & GENERICAPP_SEND_MSG_EVT )
   \                     ??GenericApp_ProcessEvent_1:
   \   0000AB   EE           MOV     A,R6
   \   0000AC   A2E0         MOV     C,0xE0 /* A   */.0
   \   0000AE   501A         JNC     ??GenericApp_ProcessEvent_13
    301            {
    302              // Send "the" message
    303              GenericApp_SendTheMessage();
   \   0000B0                ; Setup parameters for call to function GenericApp_SendTheMessage
   \   0000B0   12....       LCALL   ??GenericApp_SendTheMessage?relay
    304          
    305              // Setup to send message again
    306              osal_start_timerEx( GenericApp_TaskID,
    307                                  GENERICAPP_SEND_MSG_EVT,
    308                                  GENERICAPP_SEND_MSG_TIMEOUT );
   \   0000B3                ; Setup parameters for call to function osal_start_timerEx
   \   0000B3   7C88         MOV     R4,#-0x78
   \   0000B5   7D13         MOV     R5,#0x13
   \   0000B7   7A01         MOV     R2,#0x1
   \   0000B9   7B00         MOV     R3,#0x0
   \   0000BB   90....       MOV     DPTR,#GenericApp_TaskID
   \   0000BE   E0           MOVX    A,@DPTR
   \   0000BF   F9           MOV     R1,A
   \   0000C0   12....       LCALL   ??osal_start_timerEx?relay
    309          
    310              // return unprocessed events
    311              return (events ^ GENERICAPP_SEND_MSG_EVT);
   \   0000C3   7401         MOV     A,#0x1
   \   0000C5   6E           XRL     A,R6
   \   0000C6   FA           MOV     R2,A
   \   0000C7   EF           MOV     A,R7
   \   0000C8   80DE         SJMP    ??GenericApp_ProcessEvent_11
    312            }
    313          
    314            // Discard unknown events
    315            return 0;
   \                     ??GenericApp_ProcessEvent_13:
   \   0000CA   7A00         MOV     R2,#0x0
   \   0000CC   7B00         MOV     R3,#0x0
   \                     ??GenericApp_ProcessEvent_12:
   \   0000CE   7F04         MOV     R7,#0x4
   \   0000D0   02....       LJMP    ?BANKED_LEAVE_XDATA
    316          }
    317          
    318          /*********************************************************************
    319           * Event Generation Functions
    320           */
    321          /*********************************************************************
    322           * @fn      GenericApp_ProcessZDOMsgs()
    323           *
    324           * @brief   Process response messages
    325           *
    326           * @param   none
    327           *
    328           * @return  none
    329           */

   \                                 In  segment BANKED_CODE, align 1, keep-with-next
    330          void GenericApp_ProcessZDOMsgs( zdoIncomingMsg_t *inMsg )
   \                     GenericApp_ProcessZDOMsgs:
    331          {
   \   000000   74F6         MOV     A,#-0xa
   \   000002   12....       LCALL   ?BANKED_ENTER_XDATA
   \   000005                ; Saved register size: 10
   \   000005                ; Auto size: 0
    332            switch ( inMsg->clusterID )
   \   000005   EA           MOV     A,R2
   \   000006   240C         ADD     A,#0xc
   \   000008   F582         MOV     DPL,A
   \   00000A   EB           MOV     A,R3
   \   00000B   3400         ADDC    A,#0x0
   \   00000D   F583         MOV     DPH,A
   \   00000F   12....       LCALL   ?Subroutine0 & 0xFFFF
   \                     ??CrossCallReturnLabel_0:
   \   000012   12....       LCALL   ?US_SWITCH_SPARSE
   \                     `?<Jumptable for GenericApp_ProcessZDOMsgs>_0`:
   \   000015   0000         DW        0
   \   000017   0200         DW        2
   \   000019   0680         DW        32774
   \   00001B   ....         DW        ??GenericApp_ProcessZDOMsgs_0
   \   00001D   2080         DW        32800
   \   00001F   ....         DW        ??GenericApp_ProcessZDOMsgs_1
   \   000021   ....         DW        ??GenericApp_ProcessZDOMsgs_2
    333            {
    334              case End_Device_Bind_rsp:
    335                if ( ZDO_ParseBindRsp( inMsg ) == ZSuccess )
   \                     ??GenericApp_ProcessZDOMsgs_1:
   \   000023   EA           MOV     A,R2
   \   000024   2411         ADD     A,#0x11
   \   000026   F582         MOV     DPL,A
   \   000028   EB           MOV     A,R3
   \   000029   3400         ADDC    A,#0x0
   \   00002B   F583         MOV     DPH,A
   \   00002D   E0           MOVX    A,@DPTR
   \   00002E   F8           MOV     R0,A
   \   00002F   A3           INC     DPTR
   \   000030   E0           MOVX    A,@DPTR
   \   000031   F583         MOV     DPH,A
   \   000033   8882         MOV     DPL,R0
   \   000035   E0           MOVX    A,@DPTR
   \   000036   7009         JNZ     ??GenericApp_ProcessZDOMsgs_3
    336                {
    337                  // Light LED
    338                  HalLedSet( HAL_LED_4, HAL_LED_MODE_ON );
   \   000038                ; Setup parameters for call to function HalLedSet
   \   000038   7A01         MOV     R2,#0x1
   \                     ??GenericApp_ProcessZDOMsgs_4:
   \   00003A   7908         MOV     R1,#0x8
   \   00003C   12....       LCALL   ??HalLedSet?relay
   \   00003F   8055         SJMP    ??GenericApp_ProcessZDOMsgs_2
    339                }
    340          #if defined(BLINK_LEDS)
    341                else
    342                {
    343                  // Flash LED to show failure
    344                  HalLedSet ( HAL_LED_4, HAL_LED_MODE_FLASH );
   \                     ??GenericApp_ProcessZDOMsgs_3:
   \   000041                ; Setup parameters for call to function HalLedSet
   \   000041   7A04         MOV     R2,#0x4
   \   000043   80F5         SJMP    ??GenericApp_ProcessZDOMsgs_4
    345                }
    346          #endif
    347                break;
    348          
    349              case Match_Desc_rsp:
    350                {
    351                  ZDO_ActiveEndpointRsp_t *pRsp = ZDO_ParseEPListRsp( inMsg );
   \                     ??GenericApp_ProcessZDOMsgs_0:
   \   000045                ; Setup parameters for call to function ZDO_ParseEPListRsp
   \   000045   12....       LCALL   ??ZDO_ParseEPListRsp?relay
   \   000048   8A..         MOV     ?V0 + 0,R2
   \   00004A   8B..         MOV     ?V0 + 1,R3
   \   00004C   AE..         MOV     R6,?V0 + 0
   \   00004E   AF..         MOV     R7,?V0 + 1
    352                  if ( pRsp )
   \   000050   EE           MOV     A,R6
   \   000051   7001         JNZ     ??GenericApp_ProcessZDOMsgs_5
   \   000053   EF           MOV     A,R7
   \                     ??GenericApp_ProcessZDOMsgs_5:
   \   000054   6040         JZ      ??GenericApp_ProcessZDOMsgs_2
    353                  {
    354                    if ( pRsp->status == ZSuccess && pRsp->cnt )
   \   000056   8E82         MOV     DPL,R6
   \   000058   8F83         MOV     DPH,R7
   \   00005A   E0           MOVX    A,@DPTR
   \   00005B   7032         JNZ     ??GenericApp_ProcessZDOMsgs_6
   \   00005D   A3           INC     DPTR
   \   00005E   A3           INC     DPTR
   \   00005F   A3           INC     DPTR
   \   000060   E0           MOVX    A,@DPTR
   \   000061   602C         JZ      ??GenericApp_ProcessZDOMsgs_6
    355                    {
    356                      GenericApp_DstAddr.addrMode = (afAddrMode_t)Addr16Bit;
   \   000063   7402         MOV     A,#0x2
   \   000065   90....       MOV     DPTR,#(GenericApp_DstAddr + 2)
   \   000068   F0           MOVX    @DPTR,A
    357                      GenericApp_DstAddr.addr.shortAddr = pRsp->nwkAddr;
   \   000069   8E82         MOV     DPL,R6
   \   00006B   8F83         MOV     DPH,R7
   \   00006D   A3           INC     DPTR
   \   00006E   E0           MOVX    A,@DPTR
   \   00006F   F8           MOV     R0,A
   \   000070   A3           INC     DPTR
   \   000071   E0           MOVX    A,@DPTR
   \   000072   F9           MOV     R1,A
   \   000073   90....       MOV     DPTR,#GenericApp_DstAddr
   \   000076   E8           MOV     A,R0
   \   000077   F0           MOVX    @DPTR,A
   \   000078   A3           INC     DPTR
   \   000079   E9           MOV     A,R1
   \   00007A   F0           MOVX    @DPTR,A
    358                      // Take the first endpoint, Can be changed to search through endpoints
    359                      GenericApp_DstAddr.endPoint = pRsp->epList[0];
   \   00007B   8E82         MOV     DPL,R6
   \   00007D   8F83         MOV     DPH,R7
   \   00007F   A3           INC     DPTR
   \   000080   A3           INC     DPTR
   \   000081   A3           INC     DPTR
   \   000082   A3           INC     DPTR
   \   000083   E0           MOVX    A,@DPTR
   \   000084   90....       MOV     DPTR,#(GenericApp_DstAddr + 3)
   \   000087   F0           MOVX    @DPTR,A
    360          
    361                      // Light LED
    362                      HalLedSet( HAL_LED_4, HAL_LED_MODE_ON );
   \   000088                ; Setup parameters for call to function HalLedSet
   \   000088   7A01         MOV     R2,#0x1
   \   00008A   7908         MOV     R1,#0x8
   \   00008C   12....       LCALL   ??HalLedSet?relay
    363                    }
    364                    osal_mem_free( pRsp );
   \                     ??GenericApp_ProcessZDOMsgs_6:
   \   00008F                ; Setup parameters for call to function osal_mem_free
   \   00008F   EE           MOV     A,R6
   \   000090   FA           MOV     R2,A
   \   000091   EF           MOV     A,R7
   \   000092   FB           MOV     R3,A
   \   000093   12....       LCALL   ??osal_mem_free?relay
    365                  }
    366                }
    367                break;
    368            }
    369          }
   \                     ??GenericApp_ProcessZDOMsgs_2:
   \   000096   80..         SJMP    ??Subroutine1_0

   \                                 In  segment BANKED_CODE, align 1, keep-with-next
   \                     ?Subroutine1:
   \   000000   12....       LCALL   ?DEALLOC_XSTACK8
   \                     ??Subroutine1_0:
   \   000003   7F02         MOV     R7,#0x2
   \   000005   02....       LJMP    ?BANKED_LEAVE_XDATA

   \                                 In  segment BANKED_CODE, align 1, keep-with-next
   \                     ?Subroutine0:
   \   000000   E0           MOVX    A,@DPTR
   \   000001   F5..         MOV     ?V0 + 0,A
   \   000003   A3           INC     DPTR
   \   000004   E0           MOVX    A,@DPTR
   \   000005   F5..         MOV     ?V0 + 1,A
   \   000007   78..         MOV     R0,#?V0 + 0
   \   000009   22           RET
    370          
    371          /*********************************************************************
    372           * @fn      GenericApp_HandleKeys
    373           *
    374           * @brief   Handles all key events for this device.
    375           *
    376           * @param   shift - true if in shift/alt.
    377           * @param   keys - bit field for key events. Valid entries:
    378           *                 HAL_KEY_SW_4
    379           *                 HAL_KEY_SW_3
    380           *                 HAL_KEY_SW_2
    381           *                 HAL_KEY_SW_1
    382           *
    383           * @return  none
    384           */

   \                                 In  segment BANKED_CODE, align 1, keep-with-next
    385          void GenericApp_HandleKeys( byte shift, byte keys )
   \                     GenericApp_HandleKeys:
    386          {
   \   000000   74F6         MOV     A,#-0xa
   \   000002   12....       LCALL   ?BANKED_ENTER_XDATA
   \   000005                ; Saved register size: 10
   \   000005                ; Auto size: 9
   \   000005   74F7         MOV     A,#-0x9
   \   000007   12....       LCALL   ?ALLOC_XSTACK8
   \   00000A   EA           MOV     A,R2
   \   00000B   FE           MOV     R6,A
    387            zAddrType_t dstAddr;
    388          
    389            // Shift is used to make each button/switch dual purpose.
    390            if ( shift )
   \   00000C   E9           MOV     A,R1
   \   00000D   6003         JZ      $+5
   \   00000F   02....       LJMP    ??GenericApp_HandleKeys_0 & 0xFFFF
    391            {
    392              if ( keys & HAL_KEY_SW_1 )
    393              {
    394              }
    395              if ( keys & HAL_KEY_SW_2 )
    396              {
    397              }
    398              if ( keys & HAL_KEY_SW_3 )
    399              {
    400              }
    401              if ( keys & HAL_KEY_SW_4 )
    402              {
    403              }
    404            }
    405            else
    406            {
    407              if ( keys & HAL_KEY_SW_1 )
    408              {
    409              }
    410          
    411              if ( keys & HAL_KEY_SW_2 )
   \   000012   EE           MOV     A,R6
   \   000013   A2E1         MOV     C,0xE0 /* A   */.1
   \   000015   5070         JNC     ??GenericApp_HandleKeys_1
    412              {
    413                HalLedSet ( HAL_LED_4, HAL_LED_MODE_OFF );
   \   000017                ; Setup parameters for call to function HalLedSet
   \   000017   7A00         MOV     R2,#0x0
   \   000019   7908         MOV     R1,#0x8
   \   00001B   12....       LCALL   ??HalLedSet?relay
    414          
    415                // Initiate an End Device Bind Request for the mandatory endpoint
    416                dstAddr.addrMode = Addr16Bit;
   \   00001E   7408         MOV     A,#0x8
   \   000020   12....       LCALL   ?XSTACK_DISP0_8
   \   000023   7402         MOV     A,#0x2
   \   000025   F0           MOVX    @DPTR,A
    417                dstAddr.addr.shortAddr = 0x0000; // Coordinator
   \   000026   85..82       MOV     DPL,?XSP + 0
   \   000029   85..83       MOV     DPH,?XSP + 1
   \   00002C   E4           CLR     A
   \   00002D   F0           MOVX    @DPTR,A
   \   00002E   A3           INC     DPTR
   \   00002F   F0           MOVX    @DPTR,A
    418                ZDP_EndDeviceBindReq( &dstAddr, NLME_GetShortAddr(),
    419                                      GenericApp_epDesc.endPoint,
    420                                      GENERICAPP_PROFID,
    421                                      GENERICAPP_MAX_CLUSTERS, (cId_t *)GenericApp_ClusterList,
    422                                      GENERICAPP_MAX_CLUSTERS, (cId_t *)GenericApp_ClusterList,
    423                                      FALSE );
   \   000030                ; Setup parameters for call to function NLME_GetShortAddr
   \   000030   12....       LCALL   ??NLME_GetShortAddr?relay
   \   000033   8A..         MOV     ?V0 + 0,R2
   \   000035   8B..         MOV     ?V0 + 1,R3
   \   000037   AC..         MOV     R4,?V0 + 0
   \   000039   AD..         MOV     R5,?V0 + 1
   \   00003B                ; Setup parameters for call to function ZDP_EndDeviceBindReq
   \   00003B   75..00       MOV     ?V0 + 0,#0x0
   \   00003E   78..         MOV     R0,#?V0 + 0
   \   000040   12....       LCALL   ?PUSH_XSTACK_I_ONE
   \   000043   75....       MOV     ?V0 + 0,#(GenericApp_ClusterList & 0xff)
   \   000046   75....       MOV     ?V0 + 1,#((GenericApp_ClusterList >> 8) & 0xff)
   \   000049   78..         MOV     R0,#?V0 + 0
   \   00004B   12....       LCALL   ?PUSH_XSTACK_I_TWO
   \   00004E   75..01       MOV     ?V0 + 0,#0x1
   \   000051   78..         MOV     R0,#?V0 + 0
   \   000053   12....       LCALL   ?PUSH_XSTACK_I_ONE
   \   000056   75....       MOV     ?V0 + 0,#(GenericApp_ClusterList & 0xff)
   \   000059   78..         MOV     R0,#?V0 + 0
   \   00005B   12....       LCALL   ?PUSH_XSTACK_I_TWO
   \   00005E   75..01       MOV     ?V0 + 0,#0x1
   \   000061   78..         MOV     R0,#?V0 + 0
   \   000063   12....       LCALL   ?PUSH_XSTACK_I_ONE
   \   000066   75..04       MOV     ?V0 + 0,#0x4
   \   000069   75..0F       MOV     ?V0 + 1,#0xf
   \   00006C   78..         MOV     R0,#?V0 + 0
   \   00006E   12....       LCALL   ?PUSH_XSTACK_I_TWO
   \   000071   90....       MOV     DPTR,#GenericApp_epDesc
   \   000074   E0           MOVX    A,@DPTR
   \   000075   F9           MOV     R1,A
   \   000076   7409         MOV     A,#0x9
   \   000078   12....       LCALL   ?XSTACK_DISP0_8
   \   00007B   AA82         MOV     R2,DPL
   \   00007D   AB83         MOV     R3,DPH
   \   00007F   12....       LCALL   ??ZDP_EndDeviceBindReq?relay
   \   000082   7409         MOV     A,#0x9
   \   000084   12....       LCALL   ?DEALLOC_XSTACK8
    424              }
    425          
    426              if ( keys & HAL_KEY_SW_3 )
    427              {
    428              }
    429          
    430              if ( keys & HAL_KEY_SW_4 )
   \                     ??GenericApp_HandleKeys_1:
   \   000087   EE           MOV     A,R6
   \   000088   A2E3         MOV     C,0xE0 /* A   */.3
   \   00008A   505F         JNC     ??GenericApp_HandleKeys_0
    431              {
    432                HalLedSet ( HAL_LED_4, HAL_LED_MODE_OFF );
   \   00008C                ; Setup parameters for call to function HalLedSet
   \   00008C   7A00         MOV     R2,#0x0
   \   00008E   7908         MOV     R1,#0x8
   \   000090   12....       LCALL   ??HalLedSet?relay
    433          
    434                // Initiate a Match Description Request (Service Discovery)
    435                dstAddr.addrMode = AddrBroadcast;
   \   000093   7408         MOV     A,#0x8
   \   000095   12....       LCALL   ?XSTACK_DISP0_8
   \   000098   740F         MOV     A,#0xf
   \   00009A   F0           MOVX    @DPTR,A
    436                dstAddr.addr.shortAddr = NWK_BROADCAST_SHORTADDR;
   \   00009B   85..82       MOV     DPL,?XSP + 0
   \   00009E   85..83       MOV     DPH,?XSP + 1
   \   0000A1   74FF         MOV     A,#-0x1
   \   0000A3   F0           MOVX    @DPTR,A
   \   0000A4   A3           INC     DPTR
   \   0000A5   F0           MOVX    @DPTR,A
    437                ZDP_MatchDescReq( &dstAddr, NWK_BROADCAST_SHORTADDR,
    438                                  GENERICAPP_PROFID,
    439                                  GENERICAPP_MAX_CLUSTERS, (cId_t *)GenericApp_ClusterList,
    440                                  GENERICAPP_MAX_CLUSTERS, (cId_t *)GenericApp_ClusterList,
    441                                  FALSE );
   \   0000A6                ; Setup parameters for call to function ZDP_MatchDescReq
   \   0000A6   75..00       MOV     ?V0 + 0,#0x0
   \   0000A9   78..         MOV     R0,#?V0 + 0
   \   0000AB   12....       LCALL   ?PUSH_XSTACK_I_ONE
   \   0000AE   75....       MOV     ?V0 + 0,#(GenericApp_ClusterList & 0xff)
   \   0000B1   75....       MOV     ?V0 + 1,#((GenericApp_ClusterList >> 8) & 0xff)
   \   0000B4   78..         MOV     R0,#?V0 + 0
   \   0000B6   12....       LCALL   ?PUSH_XSTACK_I_TWO
   \   0000B9   75..01       MOV     ?V0 + 0,#0x1
   \   0000BC   78..         MOV     R0,#?V0 + 0
   \   0000BE   12....       LCALL   ?PUSH_XSTACK_I_ONE
   \   0000C1   75....       MOV     ?V0 + 0,#(GenericApp_ClusterList & 0xff)
   \   0000C4   78..         MOV     R0,#?V0 + 0
   \   0000C6   12....       LCALL   ?PUSH_XSTACK_I_TWO
   \   0000C9   75..04       MOV     ?V0 + 0,#0x4
   \   0000CC   75..0F       MOV     ?V0 + 1,#0xf
   \   0000CF   78..         MOV     R0,#?V0 + 0
   \   0000D1   12....       LCALL   ?PUSH_XSTACK_I_TWO
   \   0000D4   7901         MOV     R1,#0x1
   \   0000D6   7CFF         MOV     R4,#-0x1
   \   0000D8   7DFF         MOV     R5,#-0x1
   \   0000DA   7408         MOV     A,#0x8
   \   0000DC   12....       LCALL   ?XSTACK_DISP0_8
   \   0000DF   AA82         MOV     R2,DPL
   \   0000E1   AB83         MOV     R3,DPH
   \   0000E3   12....       LCALL   ??ZDP_MatchDescReq?relay
   \   0000E6   7408         MOV     A,#0x8
   \   0000E8   12....       LCALL   ?DEALLOC_XSTACK8
    442              }
    443            }
    444          }
   \                     ??GenericApp_HandleKeys_0:
   \   0000EB   7409         MOV     A,#0x9
   \   0000ED   02....       LJMP    ?Subroutine1 & 0xFFFF
    445          
    446          /*********************************************************************
    447           * LOCAL FUNCTIONS
    448           */
    449          
    450          /*********************************************************************
    451           * @fn      GenericApp_MessageMSGCB
    452           *
    453           * @brief   Data message processor callback.  This function processes
    454           *          any incoming data - probably from other devices.  So, based
    455           *          on cluster ID, perform the intended action.
    456           *
    457           * @param   none
    458           *
    459           * @return  none
    460           */

   \                                 In  segment BANKED_CODE, align 1, keep-with-next
    461          void GenericApp_MessageMSGCB( afIncomingMSGPacket_t *pkt )
   \                     GenericApp_MessageMSGCB:
    462          {
   \   000000   74F6         MOV     A,#-0xa
   \   000002   12....       LCALL   ?BANKED_ENTER_XDATA
   \   000005                ; Saved register size: 10
   \   000005                ; Auto size: 0
    463            switch ( pkt->clusterId )
   \   000005   8A82         MOV     DPL,R2
   \   000007   8B83         MOV     DPH,R3
   \   000009   A3           INC     DPTR
   \   00000A   A3           INC     DPTR
   \   00000B   A3           INC     DPTR
   \   00000C   A3           INC     DPTR
   \   00000D   12....       LCALL   ?Subroutine0 & 0xFFFF
   \                     ??CrossCallReturnLabel_1:
   \   000010   12....       LCALL   ?US_SWITCH_DENSE
   \                     `?<Jumptable for GenericApp_MessageMSGCB>_0`:
   \   000013   0100         DW        1
   \   000015   00           DB        0
   \   000016   ....         DW        ??GenericApp_MessageMSGCB_0
   \   000018   ....         DW        ??GenericApp_MessageMSGCB_1
    464            {
    465              case GENERICAPP_CLUSTERID:
    466                // "the" message
    467          #if defined( LCD_SUPPORTED )
    468                HalLcdWriteScreen( (char*)pkt->cmd.Data, "rcvd" );
   \                     ??GenericApp_MessageMSGCB_1:
   \   00001A                ; Setup parameters for call to function HalLcdWriteScreen
   \   00001A   7C..         MOV     R4,#(`?<Constant "rcvd">` & 0xff)
   \   00001C   7D..         MOV     R5,#((`?<Constant "rcvd">` >> 8) & 0xff)
   \   00001E   EA           MOV     A,R2
   \   00001F   2415         ADD     A,#0x15
   \   000021   F582         MOV     DPL,A
   \   000023   EB           MOV     A,R3
   \   000024   3400         ADDC    A,#0x0
   \   000026   F583         MOV     DPH,A
   \   000028   E0           MOVX    A,@DPTR
   \   000029   FA           MOV     R2,A
   \   00002A   A3           INC     DPTR
   \   00002B   E0           MOVX    A,@DPTR
   \   00002C   FB           MOV     R3,A
   \   00002D   12....       LCALL   ??HalLcdWriteScreen?relay
    469          #elif defined( WIN32 )
    470                WPRINTSTR( pkt->cmd.Data );
    471          #endif
    472                break;
    473            }
    474          }
   \                     ??GenericApp_MessageMSGCB_0:
   \   000030   02....       LJMP    ??Subroutine1_0 & 0xFFFF
    475          
    476          /*********************************************************************
    477           * @fn      GenericApp_SendTheMessage
    478           *
    479           * @brief   Send "the" message.
    480           *
    481           * @param   none
    482           *
    483           * @return  none
    484           */

   \                                 In  segment BANKED_CODE, align 1, keep-with-next
    485          void GenericApp_SendTheMessage( void )
   \                     GenericApp_SendTheMessage:
    486          {
   \   000000   74F6         MOV     A,#-0xa
   \   000002   12....       LCALL   ?BANKED_ENTER_XDATA
   \   000005                ; Saved register size: 10
   \   000005                ; Auto size: 12
   \   000005   74F4         MOV     A,#-0xc
   \   000007   12....       LCALL   ?ALLOC_XSTACK8
    487            char theMessageData[] = "Hello World";
   \   00000A   85..82       MOV     DPL,?XSP + 0
   \   00000D   85..83       MOV     DPH,?XSP + 1
   \   000010   AC82         MOV     R4,DPL
   \   000012   AD83         MOV     R5,DPH
   \   000014   7583..       MOV     DPH,#((`?<Constant "Hello World">` >> 8) & 0xff)
   \   000017   7582..       MOV     DPL,#(`?<Constant "Hello World">` & 0xff)
   \   00001A   740C         MOV     A,#0xc
   \   00001C   12....       LCALL   ?MOVE_LONG8_XDATA_XDATA
    488          
    489            if ( AF_DataRequest( &GenericApp_DstAddr, &GenericApp_epDesc,
    490                                 GENERICAPP_CLUSTERID,
    491                                 (byte)osal_strlen( theMessageData ) + 1,
    492                                 (byte *)&theMessageData,
    493                                 &GenericApp_TransID,
    494                                 AF_DISCV_ROUTE, AF_DEFAULT_RADIUS ) == afStatus_SUCCESS )
   \   00001F                ; Setup parameters for call to function AF_DataRequest
   \   00001F   75..0A       MOV     ?V0 + 0,#0xa
   \   000022   78..         MOV     R0,#?V0 + 0
   \   000024   12....       LCALL   ?PUSH_XSTACK_I_ONE
   \   000027   75....       MOV     ?V0 + 0,#(GenericApp_TransID & 0xff)
   \   00002A   75....       MOV     ?V0 + 1,#((GenericApp_TransID >> 8) & 0xff)
   \   00002D   78..         MOV     R0,#?V0 + 0
   \   00002F   12....       LCALL   ?PUSH_XSTACK_I_TWO
   \   000032   7403         MOV     A,#0x3
   \   000034   12....       LCALL   ?XSTACK_DISP0_8
   \   000037   8582..       MOV     ?V0 + 0,DPL
   \   00003A   8583..       MOV     ?V0 + 1,DPH
   \   00003D   78..         MOV     R0,#?V0 + 0
   \   00003F   12....       LCALL   ?PUSH_XSTACK_I_TWO
   \   000042                ; Setup parameters for call to function osal_strlen
   \   000042   7405         MOV     A,#0x5
   \   000044   12....       LCALL   ?XSTACK_DISP0_8
   \   000047   AA82         MOV     R2,DPL
   \   000049   AB83         MOV     R3,DPH
   \   00004B   12....       LCALL   ??osal_strlen?relay
   \   00004E   EA           MOV     A,R2
   \   00004F   F8           MOV     R0,A
   \   000050   7401         MOV     A,#0x1
   \   000052   28           ADD     A,R0
   \   000053   F5..         MOV     ?V0 + 0,A
   \   000055   E4           CLR     A
   \   000056   3400         ADDC    A,#0x0
   \   000058   F5..         MOV     ?V0 + 1,A
   \   00005A   78..         MOV     R0,#?V0 + 0
   \   00005C   12....       LCALL   ?PUSH_XSTACK_I_TWO
   \   00005F   75..01       MOV     ?V0 + 0,#0x1
   \   000062   75..00       MOV     ?V0 + 1,#0x0
   \   000065   78..         MOV     R0,#?V0 + 0
   \   000067   12....       LCALL   ?PUSH_XSTACK_I_TWO
   \   00006A   7920         MOV     R1,#0x20
   \   00006C   7C..         MOV     R4,#(GenericApp_epDesc & 0xff)
   \   00006E   7D..         MOV     R5,#((GenericApp_epDesc >> 8) & 0xff)
   \   000070   7A..         MOV     R2,#(GenericApp_DstAddr & 0xff)
   \   000072   7B..         MOV     R3,#((GenericApp_DstAddr >> 8) & 0xff)
   \   000074   12....       LCALL   ??AF_DataRequest?relay
   \   000077   7409         MOV     A,#0x9
   \   000079   12....       LCALL   ?DEALLOC_XSTACK8
    495            {
    496              // Successfully requested to be sent.
    497            }
    498            else
    499            {
    500              // Error occurred in request to send.
    501            }
    502          }
   \   00007C   740C         MOV     A,#0xc
   \   00007E   02....       LJMP    ?Subroutine1 & 0xFFFF

   \                                 In  segment XDATA_ID, align 1, keep-with-next
   \                     `?<Initializer for <Constant "GenericApp">>`:
   \   000000   47656E65     DB "GenericApp"
   \            72696341
   \            707000  

   \                                 In  segment XDATA_ID, align 1, keep-with-next
   \                     `?<Initializer for <Constant "it just a test\\n"`:
   \   000000   6974206A     DB "it just a test\012"
   \            75737420
   \            61207465
   \            73740A00

   \                                 In  segment XDATA_ID, align 1, keep-with-next
   \                     `?<Initializer for <Constant "rcvd">>`:
   \   000000   72637664     DB "rcvd"
   \            00      

   \                                 In  segment XDATA_ID, align 1, keep-with-next
   \                     `?<Initializer for <Constant "Hello World">>`:
   \   000000   48656C6C     DB "Hello World"
   \            6F20576F
   \            726C6400

   \                                 In  segment XDATA_ID, align 1, keep-with-next
   \                     `?<Initializer for GenericApp_ClusterList>`:
   \   000000   0100         DW 1

   \                                 In  segment XDATA_ID, align 1, keep-with-next
   \                     `?<Initializer for GenericApp_SimpleDesc>`:
   \   000000   0A           DB 10
   \   000001   040F0100     DW 3844, 1
   \   000005   0001         DB 0, 1
   \   000007   ....         DW GenericApp_ClusterList
   \   000009   01           DB 1
   \   00000A   ....         DW GenericApp_ClusterList

   \                                 In  segment BANK_RELAYS, align 1
   \                     ??GenericApp_Init?relay:
   \   000000   12....       LCALL   ?BDISPATCH
   \   000003   ......       DC24    GenericApp_Init

   \                                 In  segment BANK_RELAYS, align 1
   \                     ??GenericApp_ProcessEvent?relay:
   \   000000   12....       LCALL   ?BDISPATCH
   \   000003   ......       DC24    GenericApp_ProcessEvent

   \                                 In  segment BANK_RELAYS, align 1
   \                     ??GenericApp_ProcessZDOMsgs?relay:
   \   000000   12....       LCALL   ?BDISPATCH
   \   000003   ......       DC24    GenericApp_ProcessZDOMsgs

   \                                 In  segment BANK_RELAYS, align 1
   \                     ??GenericApp_HandleKeys?relay:
   \   000000   12....       LCALL   ?BDISPATCH
   \   000003   ......       DC24    GenericApp_HandleKeys

   \                                 In  segment BANK_RELAYS, align 1
   \                     ??GenericApp_MessageMSGCB?relay:
   \   000000   12....       LCALL   ?BDISPATCH
   \   000003   ......       DC24    GenericApp_MessageMSGCB

   \                                 In  segment BANK_RELAYS, align 1
   \                     ??GenericApp_SendTheMessage?relay:
   \   000000   12....       LCALL   ?BDISPATCH
   \   000003   ......       DC24    GenericApp_SendTheMessage

   \                                 In  segment XDATA_I, align 1, keep-with-next
   \                     `?<Constant "GenericApp">`:
   \   000000                DS 11
   \   00000B                REQUIRE `?<Initializer for <Constant "GenericApp">>`
   \   00000B                REQUIRE __INIT_XDATA_I

   \                                 In  segment XDATA_I, align 1, keep-with-next
   \                     `?<Constant "it just a test\\n">`:
   \   000000                DS 16
   \   000010                REQUIRE `?<Initializer for <Constant "it just a test\\n"`
   \   000010                REQUIRE __INIT_XDATA_I

   \                                 In  segment XDATA_I, align 1, keep-with-next
   \                     `?<Constant "rcvd">`:
   \   000000                DS 5
   \   000005                REQUIRE `?<Initializer for <Constant "rcvd">>`
   \   000005                REQUIRE __INIT_XDATA_I

   \                                 In  segment XDATA_I, align 1, keep-with-next
   \                     `?<Constant "Hello World">`:
   \   000000                DS 12
   \   00000C                REQUIRE `?<Initializer for <Constant "Hello World">>`
   \   00000C                REQUIRE __INIT_XDATA_I
    503          
    504          /*********************************************************************
    505          *********************************************************************/

   Maximum stack usage in bytes:

     Function                       ISTACK PSTACK XSTACK
     --------                       ------ ------ ------
     GenericApp_HandleKeys              1      0     40
       -> HalLedSet                     0      0     38
       -> NLME_GetShortAddr             0      0     38
       -> ZDP_EndDeviceBindReq          0      0     56
       -> HalLedSet                     0      0     38
       -> ZDP_MatchDescReq              0      0     54
     GenericApp_Init                    2      0      0
       -> afRegister                    4      0      0
       -> RegisterForKeys               4      0      0
       -> HalLcdWriteString             4      0      0
       -> HalUARTWrite                  4      0      0
       -> ZDO_RegisterForZDOMsg         4      0      0
       -> ZDO_RegisterForZDOMsg         4      0      0
     GenericApp_MessageMSGCB            0      0     22
       -> HalLcdWriteScreen             0      0     20
     GenericApp_ProcessEvent            0      0     12
       -> osal_msg_receive              0      0     24
       -> osal_start_timerEx            0      0     24
       -> osal_msg_deallocate           0      0     24
       -> osal_msg_receive              0      0     24
       -> GenericApp_ProcessZDOMsgs     0      0     24
       -> GenericApp_HandleKeys         0      0     24
       -> GenericApp_MessageMSGCB       0      0     24
       -> GenericApp_SendTheMessage     0      0     24
       -> osal_start_timerEx            0      0     24
     GenericApp_ProcessZDOMsgs          0      0     22
       -> HalLedSet                     0      0     20
       -> HalLedSet                     0      0     20
       -> ZDO_ParseEPListRsp            0      0     20
       -> HalLedSet                     0      0     20
       -> osal_mem_free                 0      0     20
     GenericApp_SendTheMessage          2      0     43
       -> osal_strlen                   0      0     54
       -> AF_DataRequest                0      0     62


   Segment part sizes:

     Function/Label                 Bytes
     --------------                 -----
     GenericApp_ClusterList            2
     GenericApp_SimpleDesc            12
     GenericApp_epDesc                 6
     GenericApp_TaskID                 1
     GenericApp_NwkState               1
     GenericApp_TransID                1
     GenericApp_DstAddr                4
     GenericApp_Init                 133
     GenericApp_ProcessEvent         211
     GenericApp_ProcessZDOMsgs       152
     ?Subroutine1                      8
     ?Subroutine0                     10
     GenericApp_HandleKeys           240
     GenericApp_MessageMSGCB          51
     GenericApp_SendTheMessage       129
     ?<Initializer for <Constant "GenericApp">>
                                      11
     ?<Initializer for <Constant "it just a test\n"
                                      16
     ?<Initializer for <Constant "rcvd">>
                                       5
     ?<Initializer for <Constant "Hello World">>
                                      12
     ?<Initializer for GenericApp_ClusterList>
                                       2
     ?<Initializer for GenericApp_SimpleDesc>
                                      12
     ??GenericApp_Init?relay           6
     ??GenericApp_ProcessEvent?relay
                                       6
     ??GenericApp_ProcessZDOMsgs?relay
                                       6
     ??GenericApp_HandleKeys?relay     6
     ??GenericApp_MessageMSGCB?relay
                                       6
     ??GenericApp_SendTheMessage?relay
                                       6
     ?<Constant "GenericApp">         11
     ?<Constant "it just a test\n">   16
     ?<Constant "rcvd">                5
     ?<Constant "Hello World">        12

 
 934 bytes in segment BANKED_CODE
  36 bytes in segment BANK_RELAYS
  58 bytes in segment XDATA_I
  58 bytes in segment XDATA_ID
  13 bytes in segment XDATA_Z
 
 1 028 bytes of CODE  memory
    71 bytes of XDATA memory

Errors: none
Warnings: none
